// Jest Snapshot v1, https://goo.gl/fbAQLP

exports[`ConfirmationDialog component should match the snapshot if all props are provided 1`] = `
<div
  data-testid="confirmation-dialog"
>
  <WithStyles(ForwardRef(Dialog))
    aria-describedby="alert-dialog-description"
    aria-labelledby="alert-dialog-title"
    onClose={[MockFunction]}
    open={false}
  >
    <WithStyles(ForwardRef(DialogTitle))
      id="alert-dialog-title"
    >
      courses:confirmationDialogTitle
    </WithStyles(ForwardRef(DialogTitle))>
    <WithStyles(ForwardRef(DialogContent))
      data-testid="confirmation-dialog-content"
    >
      <WithStyles(ForwardRef(DialogContentText))
        id="alert-dialog-description"
      >
        Message
      </WithStyles(ForwardRef(DialogContentText))>
    </WithStyles(ForwardRef(DialogContent))>
    <WithStyles(ForwardRef(DialogActions))>
      <WithStyles(ForwardRef(Button))
        color="secondary"
        onClick={[MockFunction]}
        variant="outlined"
      >
        courses:cancel
      </WithStyles(ForwardRef(Button))>
      <WithStyles(ForwardRef(Button))
        color="primary"
        onClick={[MockFunction]}
        variant="outlined"
      >
        courses:continue
      </WithStyles(ForwardRef(Button))>
    </WithStyles(ForwardRef(DialogActions))>
  </WithStyles(ForwardRef(Dialog))>
</div>
`;
