// Jest Snapshot v1, https://goo.gl/fbAQLP

exports[`AlertMessage component should match the snapshot 1`] = `
<WithStyles(ForwardRef(Alert))
  severity="error"
>
  Message
</WithStyles(ForwardRef(Alert))>
`;
