// Jest Snapshot v1, https://goo.gl/fbAQLP

exports[`NavBar component should match the snapshot 1`] = `
<NavBar
  classes={
    Object {
      "nav": "nav",
    }
  }
  handleDrawerClose={[MockFunction]}
  handleDrawerOpen={[MockFunction]}
  open={true}
/>
`;
